*Como compilo en eclipse? o no es necesario - Netbeans primero compila (Build) y luego ejecuta (Run).
Eclipse compila y ejecuta? 
R. Si lo hace está marcado automático en Menú Project - Build Automático con esta configuración solo se ejecuta


*En netbeas no fue necesario colocar el package???
R. netbeas no pone el package pero si lo agrupa, en eclipse si lo coloca. gané un helado por esto :) :)


*En eclipse el .class está en C:\Users\ktamayo\workspace\Anatomia\bin\Anatomia - Netbeans está en carpeta build/classes
R. Se puede setear la carpeta para enviar los archivos .class
En el proyecto click derecho Properties Java Build Path pestaña Source en la parte inferior Default output folder


*Cómo sabe eclipse que esa es la clase por la que quiero que empiece el main - NetBeans se setea Run File
R. La clase por la que quiero que empiece tiene el main las demás puden o no tenerlo y son llamadas por la principal
En este archivo MANIFEST.MF tiene Main-Class: para indicar la clase por donde arrancar ejm: com.cobiscorp.cobis.utils.installer.RunInstaller
Los compilados de las clases java son .class estos .class pueden armar un paquete jar el jar puede estar formado por .class y otros paquetes 

El .jar puede ser visto arrastrándolo a un win.rar y los .class pueden ser arrastrados del win.rar a la aplicación java Decompiler para ver su contenido


* Estándares en nombre de variables
R. Convenciones en nombre de elementos:
Paquete en minúsculas
Clases la primera mayúscula
Constantes todas mayúsculas y separadas por guión bajo
Variables en camelCase no existe en Cobis estándar de varaibles con nombre de tipo ejem: int intNumero
Objeto la primera en mayúscula ejm String


* String no es considerada variable sino Objeto??
R. Porque tiene métodos, es un tipo compuesto ejm: .equals(), .toUpperCase(), .toLowerCase(), .length(), .indexOf


* java no usa constantes? (final y static final) 
R. final mantiene el valor durante toda la ejecución no puede cambiar su valor
   static final es una única dirección de memoria, la misma referencia hacia todas las instancias sin static cada una tiene su copia
 
 
* Existe alguna combinación de letras para uso del Intellisense - Netbeans se parece más a .net
R. Ctrl + Barra Espaciadora
Window/Preferences escribir Keys y buscar colocar la combinación de teclas cambiar


*Condicionales: if, else, switch, case, break, default

*Operadores: ==, !=, >, <, =, <=, ? (operador ternario)

*Loops (bucles): for, while (se ejecuta solo si la condición es verdadera), do...while (se ejecuta al menos una vez sin comprobar la condición)
 break: rompe el lazo sin importar la condición 
 continue: hace que el loop se salga de la iteración de ese momento pero regresa al inicio del loop y se sigue ejecutando

* Cómo pongo un punto de quiebre?
R. doble click en el borde, 

* Cómo poner un watch de las variables?
R: Click derecho watch
Debug la cucaracha (se crea una Perspectiva)
F5 ejecutar dentro
F6 ejecutar sobre
F8 ejecutar todo

 * Cómo busco una palabra para reemplazar en el archivo?
 R: Ctrl+F


* Cómo renombro una clase?
R. Ubicarme en el nombre de la clase y cambiarlo, la herramienta te envía el mensaje de renombrarla
Ctrl+1 sugerencias para corregir el error


* Array agrupación de variables, relacionadas y del mismo tipo
String pais, String [] pais













ktamayo@PC01PMO17 MINGW64 /e/personal/conocimiento/java/javabasico (master)
$ vi LICENSE

ktamayo@PC01PMO17 MINGW64 /e/personal/conocimiento/java/javabasico (master)
$ clear

ktamayo@PC01PMO17 MINGW64 /e/personal/conocimiento/java/javabasico (master)
$ ll
total 37
-rw-r--r-- 1 ktamayo 1049089 35821 feb.  2 20:25 LICENSE
-rw-r--r-- 1 ktamayo 1049089    54 feb.  2 20:25 README.md

ktamayo@PC01PMO17 MINGW64 /e/personal/conocimiento/java/javabasico (master)
$ ls
LICENSE  README.md

ktamayo@PC01PMO17 MINGW64 /e/personal/conocimiento/java/javabasico (master)
$ ls -a
./  ../  .git/  .gitignore  LICENSE  README.md

ktamayo@PC01PMO17 MINGW64 /e/personal/conocimiento/java/javabasico (master)
$ ll
total 37
-rw-r--r-- 1 ktamayo 1049089 35821 feb.  2 20:25 LICENSE
-rw-r--r-- 1 ktamayo 1049089    54 feb.  2 20:25 README.md

ktamayo@PC01PMO17 MINGW64 /e/personal/conocimiento/java/javabasico (master)
$ cat README.md
# javabasico
Pruebas de aprendizaje de java básico

ktamayo@PC01PMO17 MINGW64 /e/personal/conocimiento/java/javabasico (master)
$ vi README.md

ktamayo@PC01PMO17 MINGW64 /e/personal/conocimiento/java/javabasico (master)
$ git status
On branch master
Your branch is up to date with 'origin/master'.

Changes not staged for commit:
  (use "git add <file>..." to update what will be committed)
  (use "git checkout -- <file>..." to discard changes in working directory)

        modified:   README.md

no changes added to commit (use "git add" and/or "git commit -a")

ktamayo@PC01PMO17 MINGW64 /e/personal/conocimiento/java/javabasico (master)
$ git add README.md

ktamayo@PC01PMO17 MINGW64 /e/personal/conocimiento/java/javabasico (master)
$ git status
On branch master
Your branch is up to date with 'origin/master'.

Changes to be committed:
  (use "git reset HEAD <file>..." to unstage)

        modified:   README.md


ktamayo@PC01PMO17 MINGW64 /e/personal/conocimiento/java/javabasico (master)
$ git commit -m 'Agrega texto para programa inicial'
[master ac1b748] Agrega texto para programa inicial
 1 file changed, 3 insertions(+), 2 deletions(-)

ktamayo@PC01PMO17 MINGW64 /e/personal/conocimiento/java/javabasico (master)
$ git log
commit ac1b7481c6270ca50dea83ea851aa116d42ca303 (HEAD -> master)
Author: Katty Tamayo <kata_alexa@hotmail.com>
Date:   Fri Feb 2 20:44:40 2018 -0500

    Agrega texto para programa inicial

commit cd6a2755c6c901b771515413c0c2950a90ac4cd1 (origin/master, origin/HEAD)
Author: ktamayoa <36091348+ktamayoa@users.noreply.github.com>
Date:   Fri Feb 2 19:53:20 2018 -0500

    Initial commit

ktamayo@PC01PMO17 MINGW64 /e/personal/conocimiento/java/javabasico (master)
$ git status origin master
On branch master
Your branch is ahead of 'origin/master' by 1 commit.
  (use "git push" to publish your local commits)

nothing to commit, working tree clean

ktamayo@PC01PMO17 MINGW64 /e/personal/conocimiento/java/javabasico (master)
$ git push
Counting objects: 3, done.
Delta compression using up to 4 threads.
Compressing objects: 100% (3/3), done.
Writing objects: 100% (3/3), 341 bytes | 341.00 KiB/s, done.
Total 3 (delta 1), reused 0 (delta 0)
remote: Resolving deltas: 100% (1/1), completed with 1 local object.
To https://github.com/ktamayoa/javabasico.git
   cd6a275..ac1b748  master -> master

ktamayo@PC01PMO17 MINGW64 /e/personal/conocimiento/java/javabasico (master)
$ git status origin master
On branch master
Your branch is up to date with 'origin/master'.

nothing to commit, working tree clean

ktamayo@PC01PMO17 MINGW64 /e/personal/conocimiento/java/javabasico (master)
$ java -version
java version "1.8.0_151"
Java(TM) SE Runtime Environment (build 1.8.0_151-b12)
Java HotSpot(TM) 64-Bit Server VM (build 25.151-b12, mixed mode)

ktamayo@PC01PMO17 MINGW64 /e/personal/conocimiento/java/javabasico (master)
$ mkdir holamundo

ktamayo@PC01PMO17 MINGW64 /e/personal/conocimiento/java/javabasico (master)
$ cd holamundo

ktamayo@PC01PMO17 MINGW64 /e/personal/conocimiento/java/javabasico/holamundo (master)
$ vi HolaJava.java

ktamayo@PC01PMO17 MINGW64 /e/personal/conocimiento/java/javabasico/holamundo (master)
$ ll
total 1
-rw-r--r-- 1 ktamayo 1049089 140 feb.  2 21:14 HolaJava.java

ktamayo@PC01PMO17 MINGW64 /e/personal/conocimiento/java/javabasico/holamundo (master)
$ cat HolaJava.java
public class HolaJava {
        public static void main(String[] args) {
                System.out.println("Hola a todos, Bienvenidos al mundo Java :-O");
        }
}

ktamayo@PC01PMO17 MINGW64 /e/personal/conocimiento/java/javabasico/holamundo (master)
$ javac HolaJava.java

ktamayo@PC01PMO17 MINGW64 /e/personal/conocimiento/java/javabasico/holamundo (master)
$ ll
total 2
-rw-r--r-- 1 ktamayo 1049089 453 feb.  2 21:16 HolaJava.class
-rw-r--r-- 1 ktamayo 1049089 140 feb.  2 21:14 HolaJava.java

ktamayo@PC01PMO17 MINGW64 /e/personal/conocimiento/java/javabasico/holamundo (master)
$ cat HolaJava.class
¦¦¦¦4

<init>()VCodeLineNumberTablemain([Ljava/lang/String;)V
HolaJava.java

            +Hola a todos, Bienvenidos al mundo Java :-O
                                                       olaJavajava/lang/Objectjava/lang/SystemoutLjava/io/PrintStream;java/io/PrintStreamprintln(Ljava/lang/String;)V!  *¦¦


                %       ¦¦¦


ktamayo@PC01PMO17 MINGW64 /e/personal/conocimiento/java/javabasico/holamundo (master)
$ java HolaJava
Hola a todos, Bienvenidos al mundo Java :-O

ktamayo@PC01PMO17 MINGW64 /e/personal/conocimiento/java/javabasico/holamundo (master)
$ cd ..

ktamayo@PC01PMO17 MINGW64 /e/personal/conocimiento/java/javabasico (master)
$ git sta
stage    stash    status

ktamayo@PC01PMO17 MINGW64 /e/personal/conocimiento/java/javabasico (master)
$ git status
On branch master
Your branch is up to date with 'origin/master'.

Untracked files:
  (use "git add <file>..." to include in what will be committed)

        holamundo/

nothing added to commit but untracked files present (use "git add" to track)

ktamayo@PC01PMO17 MINGW64 /e/personal/conocimiento/java/javabasico (master)
$ git add .
warning: LF will be replaced by CRLF in holamundo/HolaJava.java.
The file will have its original line endings in your working directory.

ktamayo@PC01PMO17 MINGW64 /e/personal/conocimiento/java/javabasico (master)
$ git status
On branch master
Your branch is up to date with 'origin/master'.

Changes to be committed:
  (use "git reset HEAD <file>..." to unstage)

        new file:   holamundo/HolaJava.java


ktamayo@PC01PMO17 MINGW64 /e/personal/conocimiento/java/javabasico (master)
$ git commit -m 'Agrega ejemplo simple HolaMundo'; git push
[master a89c5c1] Agrega ejemplo simple HolaMundo
 1 file changed, 5 insertions(+)
 create mode 100644 holamundo/HolaJava.java
Counting objects: 4, done.
Delta compression using up to 4 threads.
Compressing objects: 100% (3/3), done.
Writing objects: 100% (4/4), 463 bytes | 463.00 KiB/s, done.
Total 4 (delta 1), reused 0 (delta 0)
remote: Resolving deltas: 100% (1/1), completed with 1 local object.
To https://github.com/ktamayoa/javabasico.git
   ac1b748..a89c5c1  master -> master

ktamayo@PC01PMO17 MINGW64 /e/personal/conocimiento/java/javabasico (master)
$ git status origin master
On branch master
Your branch is up to date with 'origin/master'.

nothing to commit, working tree clean

ktamayo@PC01PMO17 MINGW64 /e/personal/conocimiento/java/javabasico (master)
$ vi holamundo/HolaJava.java

ktamayo@PC01PMO17 MINGW64 /e/personal/conocimiento/java/javabasico (master)
$ cd holamundo/

ktamayo@PC01PMO17 MINGW64 /e/personal/conocimiento/java/javabasico/holamundo (master)
$ javac HolaJava.java
HolaJava.java:3: error: ';' expected
                System.out.println("Hola a todos, Bienvenidos al mundo Java :-O")
                                                                                 ^
1 error

ktamayo@PC01PMO17 MINGW64 /e/personal/conocimiento/java/javabasico/holamundo (master)
$ vi HolaJava.java

ktamayo@PC01PMO17 MINGW64 /e/personal/conocimiento/java/javabasico/holamundo (master)
$ javac HolaJava.java

ktamayo@PC01PMO17 MINGW64 /e/personal/conocimiento/java/javabasico/holamundo (master)
$
